chat frame ChatId(1) error: chat item 12345: group update: group update: SelfInvitedToGroupUpdate.inviterAci: invalid ACI