chat frame ChatId(1) error: chat item 12345: sticker message: pack ID is invalid